MongoServerSelectionError: read ECONNRESET
    at Topology.selectServer (D:\projects\hotel\backend\node_modules\mongodb\lib\sdam\topology.js:321:38)
    at async Topology._connect (D:\projects\hotel\backend\node_modules\mongodb\lib\sdam\topology.js:200:28)
    at async Topology.connect (D:\projects\hotel\backend\node_modules\mongodb\lib\sdam\topology.js:152:13)
    at async topologyConnect (D:\projects\hotel\backend\node_modules\mongodb\lib\mongo_client.js:233:17)
    at async MongoClient._connect (D:\projects\hotel\backend\node_modules\mongodb\lib\mongo_client.js:246:13)
    at async MongoClient.connect (D:\projects\hotel\backend\node_modules\mongodb\lib\mongo_client.js:171:13)
    at async MongoClient.connect (D:\projects\hotel\backend\node_modules\mongodb\lib\mongo_client.js:360:16) {
  errorLabelSet: Set(0) {},
  reason: TopologyDescription {
    type: 'ReplicaSetNoPrimary',
    servers: Map(3) {
      'ac-omahane-shard-00-00.v9kcbor.mongodb.net:27017' => [ServerDescription],
      'ac-omahane-shard-00-01.v9kcbor.mongodb.net:27017' => [ServerDescription],
      'ac-omahane-shard-00-02.v9kcbor.mongodb.net:27017' => [ServerDescription]
    },
    stale: false,
    compatible: true,
    heartbeatFrequencyMS: 10000,
    localThresholdMS: 15,
    setName: 'atlas-haj5wc-shard-0',
    maxElectionId: null,
    maxSetVersion: null,
    commonWireVersion: 0,
    logicalSessionTimeoutMinutes: null
  },
  code: undefined,
  [cause]: MongoNetworkError: read ECONNRESET
      at TLSSocket.<anonymous> (D:\projects\hotel\backend\node_modules\mongodb\lib\cmap\connect.js:285:44)
      at Object.onceWrapper (node:events:634:26)
      at TLSSocket.emit (node:events:519:28)
      at emitErrorNT (node:internal/streams/destroy:170:8)
      at emitErrorCloseNT (node:internal/streams/destroy:129:3)
      at process.processTicksAndRejections (node:internal/process/task_queues:90:21) {
    errorLabelSet: Set(1) { 'ResetPool' },
    beforeHandshake: false,
    [cause]: Error: read ECONNRESET
        at TLSWrap.onStreamRead (node:internal/stream_base_commons:216:20) {
      errno: -4077,
      code: 'ECONNRESET',
      syscall: 'read'
    }
  }
}
Failed to start Parse Server: read ECONNRESET
